=== 过滤程序测试报告 ===

测试文件: input/sample.md

=== 解析结果 ===
- 标题数: 20
- 表格: 1
- 代码块: 2
- 图片: 1

=== 过滤结果 ===
- filteredLines 长度: 109
- lineMapping 大小: 109
- elementMap 大小: 4
- 表格过滤: 1 个
- 代码块过滤: 2 个
- 图片过滤: 1 个
- 节省行数: 18 行

=== 问题诊断 ===
✅ lineMapping 完整: 109 = 109
✅ elementMap 大小一致: 4 = 4
✅ 节省行数合理: 18